// Jest Snapshot v1, https://goo.gl/fbAQLP

exports[`should match the construction sign snapshot 1`] = `
<div>
  <div
    className="__construction-sign"
    data-testid="construction-sign"
  >
    <p>
      Currently under construction
    </p>
    <a
      className="link"
      href="https://www.linkedin.com/in/calcorbin/"
      rel="noopener noreferrer"
      target="_blank"
    >
      Reach me here for now
    </a>
  </div>
</div>
`;
